[2026-05-18T08:30:05.220Z] [INFO] Scheduled task: Full anatomy rescan (0 */6 * * *)
[2026-05-18T08:30:05.237Z] [INFO] Scheduled task: Consolidate old memory (0 2 * * *)
[2026-05-18T08:30:05.238Z] [INFO] Scheduled task: Token audit report (0 0 * * 1)
[2026-05-18T08:30:05.239Z] [INFO] Scheduled task: Cerebrum reflection (0 3 * * 0)
[2026-05-18T08:30:05.240Z] [INFO] Scheduled task: AI suggestions (0 4 * * 1)
[2026-05-18T08:30:05.242Z] [INFO] File watcher started on .wolf/
[2026-05-18T08:30:05.246Z] [INFO] OpenWolf daemon started
[2026-05-18T08:30:05.248Z] [INFO] Dashboard server listening on port 18791
[2026-05-18T08:30:05.466Z] [INFO] Scheduled task: Full anatomy rescan (0 */6 * * *)
[2026-05-18T08:30:05.468Z] [INFO] Scheduled task: Consolidate old memory (0 2 * * *)
[2026-05-18T08:30:05.468Z] [INFO] Scheduled task: Token audit report (0 0 * * 1)
[2026-05-18T08:30:05.468Z] [INFO] Scheduled task: Cerebrum reflection (0 3 * * 0)
[2026-05-18T08:30:05.468Z] [INFO] Scheduled task: AI suggestions (0 4 * * 1)
[2026-05-18T08:30:05.469Z] [INFO] File watcher started on .wolf/
[2026-05-18T08:30:05.470Z] [INFO] OpenWolf daemon started
[2026-05-18T08:30:05.470Z] [INFO] Dashboard server listening on port 18791
[2026-05-18T08:30:05.618Z] [INFO] Scheduled task: Full anatomy rescan (0 */6 * * *)
[2026-05-18T08:30:05.620Z] [INFO] Scheduled task: Consolidate old memory (0 2 * * *)
[2026-05-18T08:30:05.620Z] [INFO] Scheduled task: Token audit report (0 0 * * 1)
[2026-05-18T08:30:05.620Z] [INFO] Scheduled task: Cerebrum reflection (0 3 * * 0)
[2026-05-18T08:30:05.621Z] [INFO] Scheduled task: AI suggestions (0 4 * * 1)
[2026-05-18T08:30:05.622Z] [INFO] File watcher started on .wolf/
[2026-05-18T08:30:05.622Z] [INFO] OpenWolf daemon started
[2026-05-18T08:30:05.623Z] [INFO] Dashboard server listening on port 18791
[2026-05-18T08:30:05.756Z] [INFO] Scheduled task: Full anatomy rescan (0 */6 * * *)
[2026-05-18T08:30:05.758Z] [INFO] Scheduled task: Consolidate old memory (0 2 * * *)
[2026-05-18T08:30:05.758Z] [INFO] Scheduled task: Token audit report (0 0 * * 1)
[2026-05-18T08:30:05.758Z] [INFO] Scheduled task: Cerebrum reflection (0 3 * * 0)
[2026-05-18T08:30:05.758Z] [INFO] Scheduled task: AI suggestions (0 4 * * 1)
[2026-05-18T08:30:05.759Z] [INFO] File watcher started on .wolf/
[2026-05-18T08:30:05.759Z] [INFO] OpenWolf daemon started
[2026-05-18T08:30:05.759Z] [INFO] Dashboard server listening on port 18791
[2026-05-18T08:30:05.899Z] [INFO] Scheduled task: Full anatomy rescan (0 */6 * * *)
[2026-05-18T08:30:05.901Z] [INFO] Scheduled task: Consolidate old memory (0 2 * * *)
[2026-05-18T08:30:05.902Z] [INFO] Scheduled task: Token audit report (0 0 * * 1)
[2026-05-18T08:30:05.902Z] [INFO] Scheduled task: Cerebrum reflection (0 3 * * 0)
[2026-05-18T08:30:05.903Z] [INFO] Scheduled task: AI suggestions (0 4 * * 1)
[2026-05-18T08:30:05.903Z] [INFO] File watcher started on .wolf/
[2026-05-18T08:30:05.905Z] [INFO] OpenWolf daemon started
[2026-05-18T08:30:05.905Z] [INFO] Dashboard server listening on port 18791
[2026-05-18T08:30:06.035Z] [INFO] Scheduled task: Full anatomy rescan (0 */6 * * *)
[2026-05-18T08:30:06.037Z] [INFO] Scheduled task: Consolidate old memory (0 2 * * *)
[2026-05-18T08:30:06.037Z] [INFO] Scheduled task: Token audit report (0 0 * * 1)
[2026-05-18T08:30:06.037Z] [INFO] Scheduled task: Cerebrum reflection (0 3 * * 0)
[2026-05-18T08:30:06.037Z] [INFO] Scheduled task: AI suggestions (0 4 * * 1)
[2026-05-18T08:30:06.038Z] [INFO] File watcher started on .wolf/
[2026-05-18T08:30:06.038Z] [INFO] OpenWolf daemon started
[2026-05-18T08:30:06.039Z] [INFO] Dashboard server listening on port 18791
[2026-05-18T08:30:06.191Z] [INFO] Scheduled task: Full anatomy rescan (0 */6 * * *)
[2026-05-18T08:30:06.192Z] [INFO] Scheduled task: Consolidate old memory (0 2 * * *)
[2026-05-18T08:30:06.193Z] [INFO] Scheduled task: Token audit report (0 0 * * 1)
[2026-05-18T08:30:06.193Z] [INFO] Scheduled task: Cerebrum reflection (0 3 * * 0)
[2026-05-18T08:30:06.193Z] [INFO] Scheduled task: AI suggestions (0 4 * * 1)
[2026-05-18T08:30:06.194Z] [INFO] File watcher started on .wolf/
[2026-05-18T08:30:06.194Z] [INFO] OpenWolf daemon started
[2026-05-18T08:30:06.194Z] [INFO] Dashboard server listening on port 18791
[2026-05-18T08:30:06.326Z] [INFO] Scheduled task: Full anatomy rescan (0 */6 * * *)
[2026-05-18T08:30:06.327Z] [INFO] Scheduled task: Consolidate old memory (0 2 * * *)
[2026-05-18T08:30:06.328Z] [INFO] Scheduled task: Token audit report (0 0 * * 1)
[2026-05-18T08:30:06.328Z] [INFO] Scheduled task: Cerebrum reflection (0 3 * * 0)
[2026-05-18T08:30:06.328Z] [INFO] Scheduled task: AI suggestions (0 4 * * 1)
[2026-05-18T08:30:06.329Z] [INFO] File watcher started on .wolf/
[2026-05-18T08:30:06.329Z] [INFO] OpenWolf daemon started
[2026-05-18T08:30:06.330Z] [INFO] Dashboard server listening on port 18791
[2026-05-18T08:30:06.465Z] [INFO] Scheduled task: Full anatomy rescan (0 */6 * * *)
[2026-05-18T08:30:06.467Z] [INFO] Scheduled task: Consolidate old memory (0 2 * * *)
[2026-05-18T08:30:06.467Z] [INFO] Scheduled task: Token audit report (0 0 * * 1)
[2026-05-18T08:30:06.467Z] [INFO] Scheduled task: Cerebrum reflection (0 3 * * 0)
[2026-05-18T08:30:06.467Z] [INFO] Scheduled task: AI suggestions (0 4 * * 1)
[2026-05-18T08:30:06.468Z] [INFO] File watcher started on .wolf/
[2026-05-18T08:30:06.468Z] [INFO] OpenWolf daemon started
[2026-05-18T08:30:06.469Z] [INFO] Dashboard server listening on port 18791
[2026-05-18T08:30:06.602Z] [INFO] Scheduled task: Full anatomy rescan (0 */6 * * *)
[2026-05-18T08:30:06.603Z] [INFO] Scheduled task: Consolidate old memory (0 2 * * *)
[2026-05-18T08:30:06.604Z] [INFO] Scheduled task: Token audit report (0 0 * * 1)
[2026-05-18T08:30:06.604Z] [INFO] Scheduled task: Cerebrum reflection (0 3 * * 0)
[2026-05-18T08:30:06.604Z] [INFO] Scheduled task: AI suggestions (0 4 * * 1)
[2026-05-18T08:30:06.605Z] [INFO] File watcher started on .wolf/
[2026-05-18T08:30:06.605Z] [INFO] OpenWolf daemon started
[2026-05-18T08:30:06.605Z] [INFO] Dashboard server listening on port 18791
[2026-05-18T08:30:06.742Z] [INFO] Scheduled task: Full anatomy rescan (0 */6 * * *)
[2026-05-18T08:30:06.743Z] [INFO] Scheduled task: Consolidate old memory (0 2 * * *)
[2026-05-18T08:30:06.744Z] [INFO] Scheduled task: Token audit report (0 0 * * 1)
[2026-05-18T08:30:06.744Z] [INFO] Scheduled task: Cerebrum reflection (0 3 * * 0)
[2026-05-18T08:30:06.744Z] [INFO] Scheduled task: AI suggestions (0 4 * * 1)
[2026-05-18T08:30:06.745Z] [INFO] File watcher started on .wolf/
[2026-05-18T08:30:06.745Z] [INFO] OpenWolf daemon started
[2026-05-18T08:30:06.745Z] [INFO] Dashboard server listening on port 18791
[2026-05-18T08:30:06.883Z] [INFO] Scheduled task: Full anatomy rescan (0 */6 * * *)
[2026-05-18T08:30:06.885Z] [INFO] Scheduled task: Consolidate old memory (0 2 * * *)
[2026-05-18T08:30:06.885Z] [INFO] Scheduled task: Token audit report (0 0 * * 1)
[2026-05-18T08:30:06.885Z] [INFO] Scheduled task: Cerebrum reflection (0 3 * * 0)
[2026-05-18T08:30:06.885Z] [INFO] Scheduled task: AI suggestions (0 4 * * 1)
[2026-05-18T08:30:06.886Z] [INFO] File watcher started on .wolf/
[2026-05-18T08:30:06.887Z] [INFO] OpenWolf daemon started
[2026-05-18T08:30:06.887Z] [INFO] Dashboard server listening on port 18791
[2026-05-18T08:30:07.017Z] [INFO] Scheduled task: Full anatomy rescan (0 */6 * * *)
[2026-05-18T08:30:07.018Z] [INFO] Scheduled task: Consolidate old memory (0 2 * * *)
[2026-05-18T08:30:07.018Z] [INFO] Scheduled task: Token audit report (0 0 * * 1)
[2026-05-18T08:30:07.019Z] [INFO] Scheduled task: Cerebrum reflection (0 3 * * 0)
[2026-05-18T08:30:07.019Z] [INFO] Scheduled task: AI suggestions (0 4 * * 1)
[2026-05-18T08:30:07.020Z] [INFO] File watcher started on .wolf/
[2026-05-18T08:30:07.020Z] [INFO] OpenWolf daemon started
[2026-05-18T08:30:07.020Z] [INFO] Dashboard server listening on port 18791
[2026-05-18T08:30:07.151Z] [INFO] Scheduled task: Full anatomy rescan (0 */6 * * *)
[2026-05-18T08:30:07.153Z] [INFO] Scheduled task: Consolidate old memory (0 2 * * *)
[2026-05-18T08:30:07.153Z] [INFO] Scheduled task: Token audit report (0 0 * * 1)
[2026-05-18T08:30:07.153Z] [INFO] Scheduled task: Cerebrum reflection (0 3 * * 0)
[2026-05-18T08:30:07.153Z] [INFO] Scheduled task: AI suggestions (0 4 * * 1)
[2026-05-18T08:30:07.154Z] [INFO] File watcher started on .wolf/
[2026-05-18T08:30:07.154Z] [INFO] OpenWolf daemon started
[2026-05-18T08:30:07.155Z] [INFO] Dashboard server listening on port 18791
[2026-05-18T08:30:07.290Z] [INFO] Scheduled task: Full anatomy rescan (0 */6 * * *)
[2026-05-18T08:30:07.291Z] [INFO] Scheduled task: Consolidate old memory (0 2 * * *)
[2026-05-18T08:30:07.292Z] [INFO] Scheduled task: Token audit report (0 0 * * 1)
[2026-05-18T08:30:07.292Z] [INFO] Scheduled task: Cerebrum reflection (0 3 * * 0)
[2026-05-18T08:30:07.292Z] [INFO] Scheduled task: AI suggestions (0 4 * * 1)
[2026-05-18T08:30:07.293Z] [INFO] File watcher started on .wolf/
[2026-05-18T08:30:07.293Z] [INFO] OpenWolf daemon started
[2026-05-18T08:30:07.294Z] [INFO] Dashboard server listening on port 18791
[2026-05-18T08:30:07.425Z] [INFO] Scheduled task: Full anatomy rescan (0 */6 * * *)
[2026-05-18T08:30:07.426Z] [INFO] Scheduled task: Consolidate old memory (0 2 * * *)
[2026-05-18T08:30:07.426Z] [INFO] Scheduled task: Token audit report (0 0 * * 1)
[2026-05-18T08:30:07.427Z] [INFO] Scheduled task: Cerebrum reflection (0 3 * * 0)
[2026-05-18T08:30:07.427Z] [INFO] Scheduled task: AI suggestions (0 4 * * 1)
[2026-05-18T08:30:07.427Z] [INFO] File watcher started on .wolf/
[2026-05-18T08:30:07.428Z] [INFO] OpenWolf daemon started
[2026-05-18T08:30:07.428Z] [INFO] Dashboard server listening on port 18791
